ip-10-0-0-159:95726:95896 [0] NCCL INFO Channel 05/32 :    0   1   2   3   4   5   6   7   8   9  10  11  12  13  14  15  16  17  18  19
ip-10-0-0-159:95726:95896 [0] NCCL INFO Channel 06/32 :    0   7   6   5   4   3   2   9   8  15  14  13  12  11  10  17  16  23  22  21
ip-10-0-0-159:95726:95896 [0] NCCL INFO Channel 07/32 :    0   7   6   5   4   3  10   9   8  15  14  13  12  11  18  17  16  23  22  21
ip-10-0-0-159:95726:95896 [0] NCCL INFO Channel 08/32 :    0   7   6   5   4  11  10   9   8  15  14  13  12  19  18  17  16  23  22  21
ip-10-0-0-159:95726:95896 [0] NCCL INFO Channel 09/32 :    0   7   6   5  12  11  10   9   8  15  14  13  20  19  18  17  16  23  22  21
ip-10-0-0-159:95726:95896 [0] NCCL INFO Channel 10/32 :    0   1   2   3   4   5   6   7   8   9  10  11  12  13  14  15  16  17  18  19
ip-10-0-0-159:95726:95896 [0] NCCL INFO Channel 11/32 :    0   7   6   5   4   3   2   9   8  15  14  13  12  11  10  17  16  23  22  21
ip-10-0-0-159:95726:95896 [0] NCCL INFO Channel 12/32 :    0   7   6   5   4   3  10   9   8  15  14  13  12  11  18  17  16  23  22  21
ip-10-0-0-159:95726:95896 [0] NCCL INFO Channel 13/32 :    0   7   6   5   4  11  10   9   8  15  14  13  12  19  18  17  16  23  22  21
ip-10-0-0-159:95726:95896 [0] NCCL INFO Channel 14/32 :    0   7   6   5  12  11  10   9   8  15  14  13  20  19  18  17  16  23  22  21
ip-10-0-0-159:95726:95896 [0] NCCL INFO Channel 15/32 :    0   1   2   3   4   5   6   7   8   9  10  11  12  13  14  15  16  17  18  19
ip-10-0-0-159:95729:95906 [3] NCCL INFO NCCL_MAX_NCHANNELS set by environment to 32.
ip-10-0-0-159:95729:95906 [3] NCCL INFO NCCL_MIN_NCHANNELS set by environment to 32.
ip-10-0-0-159:95729:95906 [3] NCCL INFO Trees [0] 4/-1/-1->3->2 [1] 4/-1/-1->3->2 [2] 4/-1/-1->3->2 [3] 4/19/-1->3->-1 [4] -1/-1/-1->3->2 [5] 4/-1/-1->3->2 [6] 4/-1/-1->3->2 [7] 4/-1/-1->3->2 [8] 4/19/-1->3->-1 [9] -1/-1/-1->3->2 [10] 4/-1/-1->3->2 [11] 4/-1/-1->3->2 [12] 4/-1/-1->3->2 [13] 4/-1/-1->3->11 [14] -1/-1/-1->3->2 [15] 4/-1/-1->3->2 [16] 4/-1/-1->3->2 [17] 4/-1/-1->3->2 [18] 4/-1/-1->3->11 [19] -1/-1/-1->3->2 [20] 4/-1/-1->3->2 [21] 4/-1/-1->3->2 [22] 4/-1/-1->3->2 [23] 4/19/-1->3->-1 [24] -1/-1/-1->3->2 [25] 4/-1/-1->3->2 [26] 4/-1/-1->3->2 [27] 4/-1/-1->3->2 [28] 4/19/-1->3->-1 [29] -1/-1/-1->3->2 [30] 4/-1/-1->3->2 [31] 4/-1/-1->3->2
ip-10-0-0-159:95730:95911 [4] NCCL INFO NCCL_MAX_NCHANNELS set by environment to 32.
ip-10-0-0-159:95730:95911 [4] NCCL INFO NCCL_MIN_NCHANNELS set by environment to 32.
ip-10-0-0-159:95730:95911 [4] NCCL INFO Trees [0] 5/-1/-1->4->3 [1] 5/-1/-1->4->3 [2] 5/-1/-1->4->3 [3] 5/-1/-1->4->3 [4] 5/20/-1->4->-1 [5] 5/-1/-1->4->3 [6] 5/-1/-1->4->3 [7] 5/-1/-1->4->3 [8] 5/-1/-1->4->3 [9] 5/20/-1->4->-1 [10] 5/-1/-1->4->3 [11] 5/-1/-1->4->3 [12] 5/-1/-1->4->3 [13] 5/-1/-1->4->3 [14] 5/-1/-1->4->12 [15] 5/-1/-1->4->3 [16] 5/-1/-1->4->3 [17] 5/-1/-1->4->3 [18] 5/-1/-1->4->3 [19] 5/-1/-1->4->12 [20] 5/-1/-1->4->3 [21] 5/-1/-1->4->3 [22] 5/-1/-1->4->3 [23] 5/-1/-1->4->3 [24] 5/20/-1->4->-1 [25] 5/-1/-1->4->3 [26] 5/-1/-1->4->3 [27] 5/-1/-1->4->3 [28] 5/-1/-1->4->3 [29] 5/20/-1->4->-1 [30] 5/-1/-1->4->3 [31] 5/-1/-1->4->3
ip-10-0-0-159:95732:95910 [6] NCCL INFO NCCL_MAX_NCHANNELS set by environment to 32.
ip-10-0-0-159:95732:95910 [6] NCCL INFO NCCL_MIN_NCHANNELS set by environment to 32.
ip-10-0-0-159:95732:95910 [6] NCCL INFO Trees [0] 7/-1/-1->6->5 [1] 7/-1/-1->6->5 [2] 7/-1/-1->6->5 [3] 7/-1/-1->6->5 [4] 7/-1/-1->6->5 [5] 7/-1/-1->6->5 [6] 7/-1/-1->6->5 [7] 7/-1/-1->6->5 [8] 7/-1/-1->6->5 [9] 7/-1/-1->6->5 [10] 7/-1/-1->6->5 [11] 7/-1/-1->6->5 [12] 7/-1/-1->6->5 [13] 7/-1/-1->6->5 [14] 7/-1/-1->6->5 [15] 7/-1/-1->6->5 [16] 7/-1/-1->6->5 [17] 7/-1/-1->6->5 [18] 7/-1/-1->6->5 [19] 7/-1/-1->6->5 [20] 7/-1/-1->6->5 [21] 7/-1/-1->6->5 [22] 7/-1/-1->6->5 [23] 7/-1/-1->6->5 [24] 7/-1/-1->6->5 [25] 7/-1/-1->6->5 [26] 7/-1/-1->6->5 [27] 7/-1/-1->6->5 [28] 7/-1/-1->6->5 [29] 7/-1/-1->6->5 [30] 7/-1/-1->6->5 [31] 7/-1/-1->6->5
ip-10-0-0-159:95726:95896 [0] NCCL INFO Channel 16/32 :    0   7   6   5   4   3   2   9   8  15  14  13  12  11  10  17  16  23  22  21
ip-10-0-0-159:95726:95896 [0] NCCL INFO Channel 17/32 :    0   7   6   5   4   3  10   9   8  15  14  13  12  11  18  17  16  23  22  21
ip-10-0-0-159:95726:95896 [0] NCCL INFO Channel 18/32 :    0   7   6   5   4  11  10   9   8  15  14  13  12  19  18  17  16  23  22  21
ip-10-0-0-159:95726:95896 [0] NCCL INFO Channel 19/32 :    0   7   6   5  12  11  10   9   8  15  14  13  20  19  18  17  16  23  22  21
ip-10-0-0-159:95726:95896 [0] NCCL INFO Channel 20/32 :    0   1   2   3   4   5   6   7   8   9  10  11  12  13  14  15  16  17  18  19
ip-10-0-0-159:95726:95896 [0] NCCL INFO Channel 21/32 :    0   7   6   5   4   3   2   9   8  15  14  13  12  11  10  17  16  23  22  21
ip-10-0-0-159:95726:95896 [0] NCCL INFO Channel 22/32 :    0   7   6   5   4   3  10   9   8  15  14  13  12  11  18  17  16  23  22  21
ip-10-0-0-159:95726:95896 [0] NCCL INFO Channel 23/32 :    0   7   6   5   4  11  10   9   8  15  14  13  12  19  18  17  16  23  22  21
ip-10-0-0-159:95726:95896 [0] NCCL INFO Channel 24/32 :    0   7   6   5  12  11  10   9   8  15  14  13  20  19  18  17  16  23  22  21
ip-10-0-0-159:95726:95896 [0] NCCL INFO Channel 25/32 :    0   1   2   3   4   5   6   7   8   9  10  11  12  13  14  15  16  17  18  19
ip-10-0-0-159:95726:95896 [0] NCCL INFO Channel 26/32 :    0   7   6   5   4   3   2   9   8  15  14  13  12  11  10  17  16  23  22  21
ip-10-0-0-159:95726:95896 [0] NCCL INFO Channel 27/32 :    0   7   6   5   4   3  10   9   8  15  14  13  12  11  18  17  16  23  22  21
ip-10-0-0-159:95726:95896 [0] NCCL INFO Channel 28/32 :    0   7   6   5   4  11  10   9   8  15  14  13  12  19  18  17  16  23  22  21
ip-10-0-0-159:95726:95896 [0] NCCL INFO Channel 29/32 :    0   7   6   5  12  11  10   9   8  15  14  13  20  19  18  17  16  23  22  21
ip-10-0-0-159:95726:95896 [0] NCCL INFO Channel 30/32 :    0   1   2   3   4   5   6   7   8   9  10  11  12  13  14  15  16  17  18  19
ip-10-0-5-230:91992:92240 [7] NCCL INFO NCCL_MAX_NCHANNELS set by environment to 32.
ip-10-0-5-230:91992:92240 [7] NCCL INFO NCCL_MIN_NCHANNELS set by environment to 32.
ip-10-0-5-230:91992:92240 [7] NCCL INFO Trees [0] -1/-1/-1->31->30 [1] 24/-1/-1->31->30 [2] 24/-1/-1->31->30 [3] 24/-1/-1->31->30 [4] 24/-1/-1->31->30 [5] -1/-1/-1->31->30 [6] 24/-1/-1->31->30 [7] 24/-1/-1->31->30 [8] 24/-1/-1->31->30 [9] 24/-1/-1->31->30 [10] -1/-1/-1->31->30 [11] 24/-1/-1->31->30 [12] 24/-1/-1->31->30 [13] 24/-1/-1->31->30 [14] 24/-1/-1->31->30 [15] -1/-1/-1->31->30 [16] 24/-1/-1->31->30 [17] 24/-1/-1->31->30 [18] 24/-1/-1->31->30 [19] 24/-1/-1->31->30 [20] -1/-1/-1->31->30 [21] 24/-1/-1->31->30 [22] 24/-1/-1->31->30 [23] 24/-1/-1->31->30 [24] 24/-1/-1->31->30 [25] -1/-1/-1->31->30 [26] 24/-1/-1->31->30 [27] 24/-1/-1->31->30 [28] 24/-1/-1->31->30 [29] 24/-1/-1->31->30 [30] -1/-1/-1->31->30 [31] 24/-1/-1->31->30
ip-10-0-0-159:95726:95896 [0] NCCL INFO Channel 31/32 :    0   7   6   5   4   3   2   9   8  15  14  13  12  11  10  17  16  23  22  21
ip-10-0-0-159:95726:95896 [0] NCCL INFO Trees [0] 1/16/-1->0->-1 [1] -1/-1/-1->0->7 [2] 1/-1/-1->0->7 [3] 1/-1/-1->0->7 [4] 1/-1/-1->0->7 [5] 1/16/-1->0->-1 [6] -1/-1/-1->0->7 [7] 1/-1/-1->0->7 [8] 1/-1/-1->0->7 [9] 1/-1/-1->0->7 [10] 1/-1/-1->0->8 [11] -1/-1/-1->0->7 [12] 1/-1/-1->0->7 [13] 1/-1/-1->0->7 [14] 1/-1/-1->0->7 [15] 1/-1/-1->0->8 [16] -1/-1/-1->0->7 [17] 1/-1/-1->0->7 [18] 1/-1/-1->0->7 [19] 1/-1/-1->0->7 [20] 1/16/-1->0->-1 [21] -1/-1/-1->0->7 [22] 1/-1/-1->0->7 [23] 1/-1/-1->0->7 [24] 1/-1/-1->0->7 [25] 1/16/-1->0->-1 [26] -1/-1/-1->0->7 [27] 1/-1/-1->0->7 [28] 1/-1/-1->0->7 [29] 1/-1/-1->0->7 [30] 1/-1/-1->0->8 [31] -1/-1/-1->0->7
ip-10-0-5-230:91989:92235 [4] NCCL INFO NCCL_MAX_NCHANNELS set by environment to 32.
ip-10-0-5-230:91989:92235 [4] NCCL INFO NCCL_MIN_NCHANNELS set by environment to 32.
ip-10-0-5-230:91989:92235 [4] NCCL INFO Trees [0] 29/-1/-1->28->27 [1] 29/-1/-1->28->27 [2] 29/-1/-1->28->27 [3] 29/-1/-1->28->27 [4] 29/-1/-1->28->20 [5] 29/-1/-1->28->27 [6] 29/-1/-1->28->27 [7] 29/-1/-1->28->27 [8] 29/-1/-1->28->27 [9] 29/-1/-1->28->20 [10] 29/-1/-1->28->27 [11] 29/-1/-1->28->27 [12] 29/-1/-1->28->27 [13] 29/-1/-1->28->27 [14] 29/12/-1->28->-1 [15] 29/-1/-1->28->27 [16] 29/-1/-1->28->27 [17] 29/-1/-1->28->27 [18] 29/-1/-1->28->27 [19] 29/12/-1->28->-1 [20] 29/-1/-1->28->27 [21] 29/-1/-1->28->27 [22] 29/-1/-1->28->27 [23] 29/-1/-1->28->27 [24] 29/-1/-1->28->20 [25] 29/-1/-1->28->27 [26] 29/-1/-1->28->27 [27] 29/-1/-1->28->27 [28] 29/-1/-1->28->27 [29] 29/-1/-1->28->20 [30] 29/-1/-1->28->27 [31] 29/-1/-1->28->27
ip-10-0-5-230:91985:92233 [0] NCCL INFO NCCL_MAX_NCHANNELS set by environment to 32.
ip-10-0-5-230:91985:92233 [0] NCCL INFO NCCL_MIN_NCHANNELS set by environment to 32.
ip-10-0-5-230:91985:92233 [0] NCCL INFO Trees [0] 25/-1/-1->24->16 [1] -1/-1/-1->24->31 [2] 25/-1/-1->24->31 [3] 25/-1/-1->24->31 [4] 25/-1/-1->24->31 [5] 25/-1/-1->24->16 [6] -1/-1/-1->24->31 [7] 25/-1/-1->24->31 [8] 25/-1/-1->24->31 [9] 25/-1/-1->24->31 [10] 25/8/-1->24->-1 [11] -1/-1/-1->24->31 [12] 25/-1/-1->24->31 [13] 25/-1/-1->24->31 [14] 25/-1/-1->24->31 [15] 25/8/-1->24->-1 [16] -1/-1/-1->24->31 [17] 25/-1/-1->24->31 [18] 25/-1/-1->24->31 [19] 25/-1/-1->24->31 [20] 25/-1/-1->24->16 [21] -1/-1/-1->24->31 [22] 25/-1/-1->24->31 [23] 25/-1/-1->24->31 [24] 25/-1/-1->24->31 [25] 25/-1/-1->24->16 [26] -1/-1/-1->24->31 [27] 25/-1/-1->24->31 [28] 25/-1/-1->24->31 [29] 25/-1/-1->24->31 [30] 25/8/-1->24->-1 [31] -1/-1/-1->24->31
ip-10-0-5-230:91986:92239 [1] NCCL INFO NCCL_MAX_NCHANNELS set by environment to 32.
ip-10-0-5-230:91986:92239 [1] NCCL INFO NCCL_MIN_NCHANNELS set by environment to 32.
ip-10-0-5-230:91986:92239 [1] NCCL INFO Trees [0] 26/-1/-1->25->24 [1] 26/-1/-1->25->17 [2] -1/-1/-1->25->24 [3] 26/-1/-1->25->24 [4] 26/-1/-1->25->24 [5] 26/-1/-1->25->24 [6] 26/-1/-1->25->17 [7] -1/-1/-1->25->24 [8] 26/-1/-1->25->24 [9] 26/-1/-1->25->24 [10] 26/-1/-1->25->24 [11] 26/9/-1->25->-1 [12] -1/-1/-1->25->24 [13] 26/-1/-1->25->24 [14] 26/-1/-1->25->24 [15] 26/-1/-1->25->24 [16] 26/9/-1->25->-1 [17] -1/-1/-1->25->24 [18] 26/-1/-1->25->24 [19] 26/-1/-1->25->24 [20] 26/-1/-1->25->24 [21] 26/-1/-1->25->17 [22] -1/-1/-1->25->24 [23] 26/-1/-1->25->24 [24] 26/-1/-1->25->24 [25] 26/-1/-1->25->24 [26] 26/-1/-1->25->17 [27] -1/-1/-1->25->24 [28] 26/-1/-1->25->24 [29] 26/-1/-1->25->24 [30] 26/-1/-1->25->24 [31] 26/9/-1->25->-1
ip-10-0-5-230:91990:92236 [5] NCCL INFO NCCL_MAX_NCHANNELS set by environment to 32.
ip-10-0-5-230:91990:92236 [5] NCCL INFO NCCL_MIN_NCHANNELS set by environment to 32.
ip-10-0-5-230:91990:92236 [5] NCCL INFO Trees [0] 30/-1/-1->29->28 [1] 30/-1/-1->29->28 [2] 30/-1/-1->29->28 [3] 30/-1/-1->29->28 [4] 30/-1/-1->29->28 [5] 30/-1/-1->29->28 [6] 30/-1/-1->29->28 [7] 30/-1/-1->29->28 [8] 30/-1/-1->29->28 [9] 30/-1/-1->29->28 [10] 30/-1/-1->29->28 [11] 30/-1/-1->29->28 [12] 30/-1/-1->29->28 [13] 30/-1/-1->29->28 [14] 30/-1/-1->29->28 [15] 30/-1/-1->29->28 [16] 30/-1/-1->29->28 [17] 30/-1/-1->29->28 [18] 30/-1/-1->29->28 [19] 30/-1/-1->29->28 [20] 30/-1/-1->29->28 [21] 30/-1/-1->29->28 [22] 30/-1/-1->29->28 [23] 30/-1/-1->29->28 [24] 30/-1/-1->29->28 [25] 30/-1/-1->29->28 [26] 30/-1/-1->29->28 [27] 30/-1/-1->29->28 [28] 30/-1/-1->29->28 [29] 30/-1/-1->29->28 [30] 30/-1/-1->29->28 [31] 30/-1/-1->29->28
ip-10-0-5-230:91988:92234 [3] NCCL INFO NCCL_MAX_NCHANNELS set by environment to 32.
ip-10-0-5-230:91988:92234 [3] NCCL INFO NCCL_MIN_NCHANNELS set by environment to 32.
ip-10-0-5-230:91988:92234 [3] NCCL INFO Trees [0] 28/-1/-1->27->26 [1] 28/-1/-1->27->26 [2] 28/-1/-1->27->26 [3] 28/-1/-1->27->19 [4] -1/-1/-1->27->26 [5] 28/-1/-1->27->26 [6] 28/-1/-1->27->26 [7] 28/-1/-1->27->26 [8] 28/-1/-1->27->19 [9] -1/-1/-1->27->26 [10] 28/-1/-1->27->26 [11] 28/-1/-1->27->26 [12] 28/-1/-1->27->26 [13] 28/11/-1->27->-1 [14] -1/-1/-1->27->26 [15] 28/-1/-1->27->26 [16] 28/-1/-1->27->26 [17] 28/-1/-1->27->26 [18] 28/11/-1->27->-1 [19] -1/-1/-1->27->26 [20] 28/-1/-1->27->26 [21] 28/-1/-1->27->26 [22] 28/-1/-1->27->26 [23] 28/-1/-1->27->19 [24] -1/-1/-1->27->26 [25] 28/-1/-1->27->26 [26] 28/-1/-1->27->26 [27] 28/-1/-1->27->26 [28] 28/-1/-1->27->19 [29] -1/-1/-1->27->26 [30] 28/-1/-1->27->26 [31] 28/-1/-1->27->26
ip-10-0-10-203:91558:91729 [2] NCCL INFO NCCL_MAX_NCHANNELS set by environment to 32.
ip-10-0-10-203:91558:91729 [2] NCCL INFO NCCL_MIN_NCHANNELS set by environment to 32.
ip-10-0-10-203:91558:91729 [2] NCCL INFO Trees [0] 11/-1/-1->10->9 [1] 11/-1/-1->10->9 [2] 11/-1/-1->10->19 [3] -1/-1/-1->10->9 [4] 11/-1/-1->10->9 [5] 11/-1/-1->10->9 [6] 11/-1/-1->10->9 [7] 11/-1/-1->10->19 [8] -1/-1/-1->10->9 [9] 11/-1/-1->10->9 [10] 11/-1/-1->10->9 [11] 11/17/-1->10->9 [12] 11/2/-1->10->26 [13] -1/-1/-1->10->9 [14] 11/-1/-1->10->9 [15] 11/-1/-1->10->9 [16] 11/17/-1->10->9 [17] 11/2/-1->10->26 [18] -1/-1/-1->10->9 [19] 11/-1/-1->10->9 [20] 11/-1/-1->10->9 [21] 11/-1/-1->10->9 [22] 11/-1/-1->10->19 [23] -1/-1/-1->10->9 [24] 11/-1/-1->10->9 [25] 11/-1/-1->10->9 [26] 11/-1/-1->10->9 [27] 11/-1/-1->10->19 [28] -1/-1/-1->10->9 [29] 11/-1/-1->10->9 [30] 11/-1/-1->10->9 [31] 11/17/-1->10->9
ip-10-0-5-230:91991:92237 [6] NCCL INFO NCCL_MAX_NCHANNELS set by environment to 32.
ip-10-0-5-230:91991:92237 [6] NCCL INFO NCCL_MIN_NCHANNELS set by environment to 32.
ip-10-0-5-230:91991:92237 [6] NCCL INFO Trees [0] 31/-1/-1->30->29 [1] 31/-1/-1->30->29 [2] 31/-1/-1->30->29 [3] 31/-1/-1->30->29 [4] 31/-1/-1->30->29 [5] 31/-1/-1->30->29 [6] 31/-1/-1->30->29 [7] 31/-1/-1->30->29 [8] 31/-1/-1->30->29 [9] 31/-1/-1->30->29 [10] 31/-1/-1->30->29 [11] 31/-1/-1->30->29 [12] 31/-1/-1->30->29 [13] 31/-1/-1->30->29 [14] 31/-1/-1->30->29 [15] 31/-1/-1->30->29 [16] 31/-1/-1->30->29 [17] 31/-1/-1->30->29 [18] 31/-1/-1->30->29 [19] 31/-1/-1->30->29 [20] 31/-1/-1->30->29 [21] 31/-1/-1->30->29 [22] 31/-1/-1->30->29 [23] 31/-1/-1->30->29 [24] 31/-1/-1->30->29 [25] 31/-1/-1->30->29 [26] 31/-1/-1->30->29 [27] 31/-1/-1->30->29 [28] 31/-1/-1->30->29 [29] 31/-1/-1->30->29 [30] 31/-1/-1->30->29 [31] 31/-1/-1->30->29
ip-10-0-10-203:91561:91730 [5] NCCL INFO NCCL_MAX_NCHANNELS set by environment to 32.
ip-10-0-10-203:91561:91730 [5] NCCL INFO NCCL_MIN_NCHANNELS set by environment to 32.
ip-10-0-10-203:91561:91730 [5] NCCL INFO Trees [0] 14/-1/-1->13->12 [1] 14/-1/-1->13->12 [2] 14/-1/-1->13->12 [3] 14/-1/-1->13->12 [4] 14/-1/-1->13->12 [5] 14/-1/-1->13->12 [6] 14/-1/-1->13->12 [7] 14/-1/-1->13->12 [8] 14/-1/-1->13->12 [9] 14/-1/-1->13->12 [10] 14/-1/-1->13->12 [11] 14/-1/-1->13->12 [12] 14/-1/-1->13->12 [13] 14/-1/-1->13->12 [14] 14/20/-1->13->12 [15] 14/-1/-1->13->12 [16] 14/-1/-1->13->12 [17] 14/-1/-1->13->12 [18] 14/-1/-1->13->12 [19] 14/20/-1->13->12 [20] 14/-1/-1->13->12 [21] 14/-1/-1->13->12 [22] 14/-1/-1->13->12 [23] 14/-1/-1->13->12 [24] 14/-1/-1->13->12 [25] 14/-1/-1->13->12 [26] 14/-1/-1->13->12 [27] 14/-1/-1->13->12 [28] 14/-1/-1->13->12 [29] 14/-1/-1->13->12 [30] 14/-1/-1->13->12 [31] 14/-1/-1->13->12
ip-10-0-5-230:91987:92238 [2] NCCL INFO NCCL_MAX_NCHANNELS set by environment to 32.
ip-10-0-5-230:91987:92238 [2] NCCL INFO NCCL_MIN_NCHANNELS set by environment to 32.
ip-10-0-5-230:91987:92238 [2] NCCL INFO Trees [0] 27/-1/-1->26->25 [1] 27/-1/-1->26->25 [2] 27/-1/-1->26->18 [3] -1/-1/-1->26->25 [4] 27/-1/-1->26->25 [5] 27/-1/-1->26->25 [6] 27/-1/-1->26->25 [7] 27/-1/-1->26->18 [8] -1/-1/-1->26->25 [9] 27/-1/-1->26->25 [10] 27/-1/-1->26->25 [11] 27/-1/-1->26->25 [12] 27/10/-1->26->-1 [13] -1/-1/-1->26->25 [14] 27/-1/-1->26->25 [15] 27/-1/-1->26->25 [16] 27/-1/-1->26->25 [17] 27/10/-1->26->-1 [18] -1/-1/-1->26->25 [19] 27/-1/-1->26->25 [20] 27/-1/-1->26->25 [21] 27/-1/-1->26->25 [22] 27/-1/-1->26->18 [23] -1/-1/-1->26->25 [24] 27/-1/-1->26->25 [25] 27/-1/-1->26->25 [26] 27/-1/-1->26->25 [27] 27/-1/-1->26->18 [28] -1/-1/-1->26->25 [29] 27/-1/-1->26->25 [30] 27/-1/-1->26->25 [31] 27/-1/-1->26->25
ip-10-0-10-203:91560:91733 [4] NCCL INFO NCCL_MAX_NCHANNELS set by environment to 32.
ip-10-0-10-203:91560:91733 [4] NCCL INFO NCCL_MIN_NCHANNELS set by environment to 32.
ip-10-0-10-203:91560:91733 [4] NCCL INFO Trees [0] 13/-1/-1->12->11 [1] 13/-1/-1->12->11 [2] 13/-1/-1->12->11 [3] 13/-1/-1->12->11 [4] 13/-1/-1->12->21 [5] 13/-1/-1->12->11 [6] 13/-1/-1->12->11 [7] 13/-1/-1->12->11 [8] 13/-1/-1->12->11 [9] 13/-1/-1->12->21 [10] 13/-1/-1->12->11 [11] 13/-1/-1->12->11 [12] 13/-1/-1->12->11 [13] 13/19/-1->12->11 [14] 13/4/-1->12->28 [15] 13/-1/-1->12->11 [16] 13/-1/-1->12->11 [17] 13/-1/-1->12->11 [18] 13/19/-1->12->11 [19] 13/4/-1->12->28 [20] 13/-1/-1->12->11 [21] 13/-1/-1->12->11 [22] 13/-1/-1->12->11 [23] 13/-1/-1->12->11 [24] 13/-1/-1->12->21 [25] 13/-1/-1->12->11 [26] 13/-1/-1->12->11 [27] 13/-1/-1->12->11 [28] 13/-1/-1->12->11 [29] 13/-1/-1->12->21 [30] 13/-1/-1->12->11 [31] 13/-1/-1->12->11
ip-10-0-10-203:91559:91728 [3] NCCL INFO NCCL_MAX_NCHANNELS set by environment to 32.
ip-10-0-10-203:91559:91728 [3] NCCL INFO NCCL_MIN_NCHANNELS set by environment to 32.
ip-10-0-10-203:91559:91728 [3] NCCL INFO Trees [0] 12/-1/-1->11->10 [1] 12/-1/-1->11->10 [2] 12/-1/-1->11->10 [3] 12/-1/-1->11->20 [4] -1/-1/-1->11->10 [5] 12/-1/-1->11->10 [6] 12/-1/-1->11->10 [7] 12/-1/-1->11->10 [8] 12/-1/-1->11->20 [9] -1/-1/-1->11->10 [10] 12/-1/-1->11->10 [11] 12/-1/-1->11->10 [12] 12/18/-1->11->10 [13] 12/3/-1->11->27 [14] -1/-1/-1->11->10 [15] 12/-1/-1->11->10 [16] 12/-1/-1->11->10 [17] 12/18/-1->11->10 [18] 12/3/-1->11->27 [19] -1/-1/-1->11->10 [20] 12/-1/-1->11->10 [21] 12/-1/-1->11->10 [22] 12/-1/-1->11->10 [23] 12/-1/-1->11->20 [24] -1/-1/-1->11->10 [25] 12/-1/-1->11->10 [26] 12/-1/-1->11->10 [27] 12/-1/-1->11->10 [28] 12/-1/-1->11->20 [29] -1/-1/-1->11->10 [30] 12/-1/-1->11->10 [31] 12/-1/-1->11->10
ip-10-0-10-203:91562:91727 [6] NCCL INFO NCCL_MAX_NCHANNELS set by environment to 32.
ip-10-0-10-203:91562:91727 [6] NCCL INFO NCCL_MIN_NCHANNELS set by environment to 32.
ip-10-0-10-203:91562:91727 [6] NCCL INFO Trees [0] 15/-1/-1->14->13 [1] 15/-1/-1->14->13 [2] 15/-1/-1->14->13 [3] 15/-1/-1->14->13 [4] 15/-1/-1->14->13 [5] 15/-1/-1->14->13 [6] 15/-1/-1->14->13 [7] 15/-1/-1->14->13 [8] 15/-1/-1->14->13 [9] 15/-1/-1->14->13 [10] 15/-1/-1->14->13 [11] 15/-1/-1->14->13 [12] 15/-1/-1->14->13 [13] 15/-1/-1->14->13 [14] 15/-1/-1->14->13 [15] 15/-1/-1->14->13 [16] 15/-1/-1->14->13 [17] 15/-1/-1->14->13 [18] 15/-1/-1->14->13 [19] 15/-1/-1->14->13 [20] 15/-1/-1->14->13 [21] 15/-1/-1->14->13 [22] 15/-1/-1->14->13 [23] 15/-1/-1->14->13 [24] 15/-1/-1->14->13 [25] 15/-1/-1->14->13 [26] 15/-1/-1->14->13 [27] 15/-1/-1->14->13 [28] 15/-1/-1->14->13 [29] 15/-1/-1->14->13 [30] 15/-1/-1->14->13 [31] 15/-1/-1->14->13
ip-10-0-10-203:91556:91726 [0] NCCL INFO NCCL_MAX_NCHANNELS set by environment to 32.
ip-10-0-10-203:91556:91726 [0] NCCL INFO NCCL_MIN_NCHANNELS set by environment to 32.
ip-10-0-10-203:91556:91726 [0] NCCL INFO Trees [0] 9/-1/-1->8->17 [1] -1/-1/-1->8->15 [2] 9/-1/-1->8->15 [3] 9/-1/-1->8->15 [4] 9/-1/-1->8->15 [5] 9/-1/-1->8->17 [6] -1/-1/-1->8->15 [7] 9/-1/-1->8->15 [8] 9/-1/-1->8->15 [9] 9/-1/-1->8->15 [10] 9/0/-1->8->24 [11] -1/-1/-1->8->15 [12] 9/-1/-1->8->15 [13] 9/-1/-1->8->15 [14] 9/-1/-1->8->15 [15] 9/0/-1->8->24 [16] -1/-1/-1->8->15 [17] 9/-1/-1->8->15 [18] 9/-1/-1->8->15 [19] 9/-1/-1->8->15 [20] 9/-1/-1->8->17 [21] -1/-1/-1->8->15 [22] 9/-1/-1->8->15 [23] 9/-1/-1->8->15 [24] 9/-1/-1->8->15 [25] 9/-1/-1->8->17 [26] -1/-1/-1->8->15 [27] 9/-1/-1->8->15 [28] 9/-1/-1->8->15 [29] 9/-1/-1->8->15 [30] 9/0/-1->8->24 [31] -1/-1/-1->8->15
ip-10-0-10-203:91557:91731 [1] NCCL INFO NCCL_MAX_NCHANNELS set by environment to 32.
ip-10-0-10-203:91557:91731 [1] NCCL INFO NCCL_MIN_NCHANNELS set by environment to 32.
ip-10-0-10-203:91557:91731 [1] NCCL INFO Trees [0] 10/-1/-1->9->8 [1] 10/-1/-1->9->18 [2] -1/-1/-1->9->8 [3] 10/-1/-1->9->8 [4] 10/-1/-1->9->8 [5] 10/-1/-1->9->8 [6] 10/-1/-1->9->18 [7] -1/-1/-1->9->8 [8] 10/-1/-1->9->8 [9] 10/-1/-1->9->8 [10] 10/16/-1->9->8 [11] 10/1/-1->9->25 [12] -1/-1/-1->9->8 [13] 10/-1/-1->9->8 [14] 10/-1/-1->9->8 [15] 10/16/-1->9->8 [16] 10/1/-1->9->25 [17] -1/-1/-1->9->8 [18] 10/-1/-1->9->8 [19] 10/-1/-1->9->8 [20] 10/-1/-1->9->8 [21] 10/-1/-1->9->18 [22] -1/-1/-1->9->8 [23] 10/-1/-1->9->8 [24] 10/-1/-1->9->8 [25] 10/-1/-1->9->8 [26] 10/-1/-1->9->18 [27] -1/-1/-1->9->8 [28] 10/-1/-1->9->8 [29] 10/-1/-1->9->8 [30] 10/16/-1->9->8 [31] 10/1/-1->9->25
ip-10-0-14-198:91562:91743 [1] NCCL INFO NCCL_MAX_NCHANNELS set by environment to 32.
ip-10-0-14-198:91562:91743 [1] NCCL INFO NCCL_MIN_NCHANNELS set by environment to 32.
ip-10-0-14-198:91562:91743 [1] NCCL INFO Trees [0] 18/8/-1->17->16 [1] 18/25/-1->17->1 [2] -1/-1/-1->17->16 [3] 18/-1/-1->17->16 [4] 18/-1/-1->17->16 [5] 18/8/-1->17->16 [6] 18/25/-1->17->1 [7] -1/-1/-1->17->16 [8] 18/-1/-1->17->16 [9] 18/-1/-1->17->16 [10] 18/-1/-1->17->16 [11] 18/-1/-1->17->10 [12] -1/-1/-1->17->16 [13] 18/-1/-1->17->16 [14] 18/-1/-1->17->16 [15] 18/-1/-1->17->16 [16] 18/-1/-1->17->10 [17] -1/-1/-1->17->16 [18] 18/-1/-1->17->16 [19] 18/-1/-1->17->16 [20] 18/8/-1->17->16 [21] 18/25/-1->17->1 [22] -1/-1/-1->17->16 [23] 18/-1/-1->17->16 [24] 18/-1/-1->17->16 [25] 18/8/-1->17->16 [26] 18/25/-1->17->1 [27] -1/-1/-1->17->16 [28] 18/-1/-1->17->16 [29] 18/-1/-1->17->16 [30] 18/-1/-1->17->16 [31] 18/-1/-1->17->10
ip-10-0-14-198:91563:91740 [2] NCCL INFO NCCL_MAX_NCHANNELS set by environment to 32.
ip-10-0-14-198:91563:91740 [2] NCCL INFO NCCL_MIN_NCHANNELS set by environment to 32.
ip-10-0-14-198:91563:91740 [2] NCCL INFO Trees [0] 19/-1/-1->18->17 [1] 19/9/-1->18->17 [2] 19/26/-1->18->2 [3] -1/-1/-1->18->17 [4] 19/-1/-1->18->17 [5] 19/-1/-1->18->17 [6] 19/9/-1->18->17 [7] 19/26/-1->18->2 [8] -1/-1/-1->18->17 [9] 19/-1/-1->18->17 [10] 19/-1/-1->18->17 [11] 19/-1/-1->18->17 [12] 19/-1/-1->18->11 [13] -1/-1/-1->18->17 [14] 19/-1/-1->18->17 [15] 19/-1/-1->18->17 [16] 19/-1/-1->18->17 [17] 19/-1/-1->18->11 [18] -1/-1/-1->18->17 [19] 19/-1/-1->18->17 [20] 19/-1/-1->18->17 [21] 19/9/-1->18->17 [22] 19/26/-1->18->2 [23] -1/-1/-1->18->17 [24] 19/-1/-1->18->17 [25] 19/-1/-1->18->17 [26] 19/9/-1->18->17 [27] 19/26/-1->18->2 [28] -1/-1/-1->18->17 [29] 19/-1/-1->18->17 [30] 19/-1/-1->18->17 [31] 19/-1/-1->18->17
ip-10-0-14-198:91566:91744 [5] NCCL INFO NCCL_MAX_NCHANNELS set by environment to 32.
ip-10-0-14-198:91566:91744 [5] NCCL INFO NCCL_MIN_NCHANNELS set by environment to 32.
ip-10-0-14-198:91566:91744 [5] NCCL INFO Trees [0] 22/-1/-1->21->20 [1] 22/-1/-1->21->20 [2] 22/-1/-1->21->20 [3] 22/-1/-1->21->20 [4] 22/12/-1->21->20 [5] 22/-1/-1->21->20 [6] 22/-1/-1->21->20 [7] 22/-1/-1->21->20 [8] 22/-1/-1->21->20 [9] 22/12/-1->21->20 [10] 22/-1/-1->21->20 [11] 22/-1/-1->21->20 [12] 22/-1/-1->21->20 [13] 22/-1/-1->21->20 [14] 22/-1/-1->21->20 [15] 22/-1/-1->21->20 [16] 22/-1/-1->21->20 [17] 22/-1/-1->21->20 [18] 22/-1/-1->21->20 [19] 22/-1/-1->21->20 [20] 22/-1/-1->21->20 [21] 22/-1/-1->21->20 [22] 22/-1/-1->21->20 [23] 22/-1/-1->21->20 [24] 22/12/-1->21->20 [25] 22/-1/-1->21->20 [26] 22/-1/-1->21->20 [27] 22/-1/-1->21->20 [28] 22/-1/-1->21->20 [29] 22/12/-1->21->20 [30] 22/-1/-1->21->20 [31] 22/-1/-1->21->20
ip-10-0-14-198:91565:91739 [4] NCCL INFO NCCL_MAX_NCHANNELS set by environment to 32.
ip-10-0-14-198:91565:91739 [4] NCCL INFO NCCL_MIN_NCHANNELS set by environment to 32.
ip-10-0-14-198:91565:91739 [4] NCCL INFO Trees [0] 21/-1/-1->20->19 [1] 21/-1/-1->20->19 [2] 21/-1/-1->20->19 [3] 21/11/-1->20->19 [4] 21/28/-1->20->4 [5] 21/-1/-1->20->19 [6] 21/-1/-1->20->19 [7] 21/-1/-1->20->19 [8] 21/11/-1->20->19 [9] 21/28/-1->20->4 [10] 21/-1/-1->20->19 [11] 21/-1/-1->20->19 [12] 21/-1/-1->20->19 [13] 21/-1/-1->20->19 [14] 21/-1/-1->20->13 [15] 21/-1/-1->20->19 [16] 21/-1/-1->20->19 [17] 21/-1/-1->20->19 [18] 21/-1/-1->20->19 [19] 21/-1/-1->20->13 [20] 21/-1/-1->20->19 [21] 21/-1/-1->20->19 [22] 21/-1/-1->20->19 [23] 21/11/-1->20->19 [24] 21/28/-1->20->4 [25] 21/-1/-1->20->19 [26] 21/-1/-1->20->19 [27] 21/-1/-1->20->19 [28] 21/11/-1->20->19 [29] 21/28/-1->20->4 [30] 21/-1/-1->20->19 [31] 21/-1/-1->20->19
ip-10-0-14-198:91568:91745 [7] NCCL INFO NCCL_MAX_NCHANNELS set by environment to 32.
ip-10-0-14-198:91568:91745 [7] NCCL INFO NCCL_MIN_NCHANNELS set by environment to 32.
ip-10-0-14-198:91568:91745 [7] NCCL INFO Trees [0] -1/-1/-1->23->22 [1] 16/-1/-1->23->22 [2] 16/-1/-1->23->22 [3] 16/-1/-1->23->22 [4] 16/-1/-1->23->22 [5] -1/-1/-1->23->22 [6] 16/-1/-1->23->22 [7] 16/-1/-1->23->22 [8] 16/-1/-1->23->22 [9] 16/-1/-1->23->22 [10] -1/-1/-1->23->22 [11] 16/-1/-1->23->22 [12] 16/-1/-1->23->22 [13] 16/-1/-1->23->22 [14] 16/-1/-1->23->22 [15] -1/-1/-1->23->22 [16] 16/-1/-1->23->22 [17] 16/-1/-1->23->22 [18] 16/-1/-1->23->22 [19] 16/-1/-1->23->22 [20] -1/-1/-1->23->22 [21] 16/-1/-1->23->22 [22] 16/-1/-1->23->22 [23] 16/-1/-1->23->22 [24] 16/-1/-1->23->22 [25] -1/-1/-1->23->22 [26] 16/-1/-1->23->22 [27] 16/-1/-1->23->22 [28] 16/-1/-1->23->22 [29] 16/-1/-1->23->22 [30] -1/-1/-1->23->22 [31] 16/-1/-1->23->22
ip-10-0-14-198:91564:91741 [3] NCCL INFO NCCL_MAX_NCHANNELS set by environment to 32.
ip-10-0-14-198:91564:91741 [3] NCCL INFO NCCL_MIN_NCHANNELS set by environment to 32.
ip-10-0-14-198:91564:91741 [3] NCCL INFO Trees [0] 20/-1/-1->19->18 [1] 20/-1/-1->19->18 [2] 20/10/-1->19->18 [3] 20/27/-1->19->3 [4] -1/-1/-1->19->18 [5] 20/-1/-1->19->18 [6] 20/-1/-1->19->18 [7] 20/10/-1->19->18 [8] 20/27/-1->19->3 [9] -1/-1/-1->19->18 [10] 20/-1/-1->19->18 [11] 20/-1/-1->19->18 [12] 20/-1/-1->19->18 [13] 20/-1/-1->19->12 [14] -1/-1/-1->19->18 [15] 20/-1/-1->19->18 [16] 20/-1/-1->19->18 [17] 20/-1/-1->19->18 [18] 20/-1/-1->19->12 [19] -1/-1/-1->19->18 [20] 20/-1/-1->19->18 [21] 20/-1/-1->19->18 [22] 20/10/-1->19->18 [23] 20/27/-1->19->3 [24] -1/-1/-1->19->18 [25] 20/-1/-1->19->18 [26] 20/-1/-1->19->18 [27] 20/10/-1->19->18 [28] 20/27/-1->19->3 [29] -1/-1/-1->19->18 [30] 20/-1/-1->19->18 [31] 20/-1/-1->19->18
ip-10-0-14-198:91561:91737 [0] NCCL INFO NCCL_MAX_NCHANNELS set by environment to 32.
ip-10-0-14-198:91561:91737 [0] NCCL INFO NCCL_MIN_NCHANNELS set by environment to 32.
ip-10-0-14-198:91561:91737 [0] NCCL INFO Trees [0] 17/24/-1->16->0 [1] -1/-1/-1->16->23 [2] 17/-1/-1->16->23 [3] 17/-1/-1->16->23 [4] 17/-1/-1->16->23 [5] 17/24/-1->16->0 [6] -1/-1/-1->16->23 [7] 17/-1/-1->16->23 [8] 17/-1/-1->16->23 [9] 17/-1/-1->16->23 [10] 17/-1/-1->16->9 [11] -1/-1/-1->16->23 [12] 17/-1/-1->16->23 [13] 17/-1/-1->16->23 [14] 17/-1/-1->16->23 [15] 17/-1/-1->16->9 [16] -1/-1/-1->16->23 [17] 17/-1/-1->16->23 [18] 17/-1/-1->16->23 [19] 17/-1/-1->16->23 [20] 17/24/-1->16->0 [21] -1/-1/-1->16->23 [22] 17/-1/-1->16->23 [23] 17/-1/-1->16->23 [24] 17/-1/-1->16->23 [25] 17/24/-1->16->0 [26] -1/-1/-1->16->23 [27] 17/-1/-1->16->23 [28] 17/-1/-1->16->23 [29] 17/-1/-1->16->23 [30] 17/-1/-1->16->9 [31] -1/-1/-1->16->23
ip-10-0-14-198:91567:91742 [6] NCCL INFO NCCL_MAX_NCHANNELS set by environment to 32.
ip-10-0-14-198:91567:91742 [6] NCCL INFO NCCL_MIN_NCHANNELS set by environment to 32.
ip-10-0-14-198:91567:91742 [6] NCCL INFO Trees [0] 23/-1/-1->22->21 [1] 23/-1/-1->22->21 [2] 23/-1/-1->22->21 [3] 23/-1/-1->22->21 [4] 23/-1/-1->22->21 [5] 23/-1/-1->22->21 [6] 23/-1/-1->22->21 [7] 23/-1/-1->22->21 [8] 23/-1/-1->22->21 [9] 23/-1/-1->22->21 [10] 23/-1/-1->22->21 [11] 23/-1/-1->22->21 [12] 23/-1/-1->22->21 [13] 23/-1/-1->22->21 [14] 23/-1/-1->22->21 [15] 23/-1/-1->22->21 [16] 23/-1/-1->22->21 [17] 23/-1/-1->22->21 [18] 23/-1/-1->22->21 [19] 23/-1/-1->22->21 [20] 23/-1/-1->22->21 [21] 23/-1/-1->22->21 [22] 23/-1/-1->22->21 [23] 23/-1/-1->22->21 [24] 23/-1/-1->22->21 [25] 23/-1/-1->22->21 [26] 23/-1/-1->22->21 [27] 23/-1/-1->22->21 [28] 23/-1/-1->22->21 [29] 23/-1/-1->22->21 [30] 23/-1/-1->22->21 [31] 23/-1/-1->22->21
ip-10-0-5-230:91989:92235 [4] NCCL INFO Channel 00 : 28[97000] -> 29[a8000] via P2P/IPC
ip-10-0-5-230:91989:92235 [4] NCCL INFO Channel 05 : 28[97000] -> 29[a8000] via P2P/IPC
ip-10-0-5-230:91987:92238 [2] NCCL INFO Channel 00 : 26[75000] -> 27[86000] via P2P/IPC
ip-10-0-5-230:91990:92236 [5] NCCL INFO Channel 00 : 29[a8000] -> 30[b9000] via P2P/IPC
ip-10-0-5-230:91987:92238 [2] NCCL INFO Channel 05 : 26[75000] -> 27[86000] via P2P/IPC
ip-10-0-5-230:91989:92235 [4] NCCL INFO Channel 10 : 28[97000] -> 29[a8000] via P2P/IPC
ip-10-0-5-230:91990:92236 [5] NCCL INFO Channel 05 : 29[a8000] -> 30[b9000] via P2P/IPC
ip-10-0-5-230:91987:92238 [2] NCCL INFO Channel 10 : 26[75000] -> 27[86000] via P2P/IPC
ip-10-0-5-230:91989:92235 [4] NCCL INFO Channel 15 : 28[97000] -> 29[a8000] via P2P/IPC
ip-10-0-5-230:91990:92236 [5] NCCL INFO Channel 10 : 29[a8000] -> 30[b9000] via P2P/IPC
ip-10-0-5-230:91987:92238 [2] NCCL INFO Channel 15 : 26[75000] -> 27[86000] via P2P/IPC
ip-10-0-10-203:91562:91727 [6] NCCL INFO Channel 00 : 14[b9000] -> 15[ca000] via P2P/IPC
ip-10-0-5-230:91989:92235 [4] NCCL INFO Channel 20 : 28[97000] -> 29[a8000] via P2P/IPC
ip-10-0-10-203:91561:91730 [5] NCCL INFO Channel 00 : 13[a8000] -> 14[b9000] via P2P/IPC
ip-10-0-5-230:91990:92236 [5] NCCL INFO Channel 15 : 29[a8000] -> 30[b9000] via P2P/IPC
ip-10-0-10-203:91562:91727 [6] NCCL INFO Channel 05 : 14[b9000] -> 15[ca000] via P2P/IPC
ip-10-0-5-230:91987:92238 [2] NCCL INFO Channel 20 : 26[75000] -> 27[86000] via P2P/IPC
ip-10-0-5-230:91989:92235 [4] NCCL INFO Channel 25 : 28[97000] -> 29[a8000] via P2P/IPC
ip-10-0-10-203:91558:91729 [2] NCCL INFO Channel 00 : 10[75000] -> 11[86000] via P2P/IPC
ip-10-0-10-203:91560:91733 [4] NCCL INFO Channel 00 : 12[97000] -> 13[a8000] via P2P/IPC
ip-10-0-10-203:91561:91730 [5] NCCL INFO Channel 05 : 13[a8000] -> 14[b9000] via P2P/IPC
ip-10-0-5-230:91990:92236 [5] NCCL INFO Channel 20 : 29[a8000] -> 30[b9000] via P2P/IPC
ip-10-0-10-203:91562:91727 [6] NCCL INFO Channel 10 : 14[b9000] -> 15[ca000] via P2P/IPC
ip-10-0-5-230:91987:92238 [2] NCCL INFO Channel 25 : 26[75000] -> 27[86000] via P2P/IPC
ip-10-0-5-230:91989:92235 [4] NCCL INFO Channel 30 : 28[97000] -> 29[a8000] via P2P/IPC
ip-10-0-10-203:91560:91733 [4] NCCL INFO Channel 05 : 12[97000] -> 13[a8000] via P2P/IPC
ip-10-0-10-203:91558:91729 [2] NCCL INFO Channel 05 : 10[75000] -> 11[86000] via P2P/IPC
ip-10-0-10-203:91559:91728 [3] NCCL INFO Channel 00 : 11[86000] -> 12[97000] via P2P/IPC
ip-10-0-10-203:91557:91731 [1] NCCL INFO Channel 00 : 9[64000] -> 10[75000] via P2P/IPC
ip-10-0-10-203:91561:91730 [5] NCCL INFO Channel 10 : 13[a8000] -> 14[b9000] via P2P/IPC
ip-10-0-10-203:91562:91727 [6] NCCL INFO Channel 15 : 14[b9000] -> 15[ca000] via P2P/IPC
ip-10-0-5-230:91990:92236 [5] NCCL INFO Channel 25 : 29[a8000] -> 30[b9000] via P2P/IPC
ip-10-0-5-230:91987:92238 [2] NCCL INFO Channel 30 : 26[75000] -> 27[86000] via P2P/IPC
ip-10-0-10-203:91558:91729 [2] NCCL INFO Channel 10 : 10[75000] -> 11[86000] via P2P/IPC
ip-10-0-10-203:91559:91728 [3] NCCL INFO Channel 05 : 11[86000] -> 12[97000] via P2P/IPC
ip-10-0-10-203:91557:91731 [1] NCCL INFO Channel 05 : 9[64000] -> 10[75000] via P2P/IPC
ip-10-0-10-203:91560:91733 [4] NCCL INFO Channel 10 : 12[97000] -> 13[a8000] via P2P/IPC
ip-10-0-10-203:91561:91730 [5] NCCL INFO Channel 15 : 13[a8000] -> 14[b9000] via P2P/IPC
ip-10-0-5-230:91990:92236 [5] NCCL INFO Channel 30 : 29[a8000] -> 30[b9000] via P2P/IPC
ip-10-0-10-203:91562:91727 [6] NCCL INFO Channel 20 : 14[b9000] -> 15[ca000] via P2P/IPC
ip-10-0-14-198:91562:91743 [1] NCCL INFO Channel 00 : 17[64000] -> 18[75000] via P2P/IPC
ip-10-0-10-203:91558:91729 [2] NCCL INFO Channel 15 : 10[75000] -> 11[86000] via P2P/IPC
ip-10-0-10-203:91559:91728 [3] NCCL INFO Channel 10 : 11[86000] -> 12[97000] via P2P/IPC
ip-10-0-10-203:91560:91733 [4] NCCL INFO Channel 15 : 12[97000] -> 13[a8000] via P2P/IPC
ip-10-0-10-203:91557:91731 [1] NCCL INFO Channel 10 : 9[64000] -> 10[75000] via P2P/IPC
ip-10-0-10-203:91561:91730 [5] NCCL INFO Channel 20 : 13[a8000] -> 14[b9000] via P2P/IPC
ip-10-0-14-198:91567:91742 [6] NCCL INFO Channel 00 : 22[b9000] -> 23[ca000] via P2P/IPC
ip-10-0-14-198:91566:91744 [5] NCCL INFO Channel 00 : 21[a8000] -> 22[b9000] via P2P/IPC
ip-10-0-10-203:91562:91727 [6] NCCL INFO Channel 25 : 14[b9000] -> 15[ca000] via P2P/IPC
ip-10-0-14-198:91562:91743 [1] NCCL INFO Channel 05 : 17[64000] -> 18[75000] via P2P/IPC
ip-10-0-5-230:91988:92234 [3] NCCL INFO Channel 00 : 27[86000] -> 28[97000] via P2P/IPC
ip-10-0-14-198:91563:91740 [2] NCCL INFO Channel 00 : 18[75000] -> 19[86000] via P2P/IPC
ip-10-0-10-203:91558:91729 [2] NCCL INFO Channel 20 : 10[75000] -> 11[86000] via P2P/IPC
ip-10-0-10-203:91559:91728 [3] NCCL INFO Channel 15 : 11[86000] -> 12[97000] via P2P/IPC
ip-10-0-10-203:91560:91733 [4] NCCL INFO Channel 20 : 12[97000] -> 13[a8000] via P2P/IPC
ip-10-0-5-230:91986:92239 [1] NCCL INFO Channel 00 : 25[64000] -> 26[75000] via P2P/IPC
ip-10-0-0-159:95731:95908 [5] NCCL INFO Channel 00 : 5[a8000] -> 6[b9000] via P2P/IPC
ip-10-0-10-203:91557:91731 [1] NCCL INFO Channel 15 : 9[64000] -> 10[75000] via P2P/IPC
ip-10-0-5-230:91988:92234 [3] NCCL INFO Channel 05 : 27[86000] -> 28[97000] via P2P/IPC
ip-10-0-14-198:91566:91744 [5] NCCL INFO Channel 05 : 21[a8000] -> 22[b9000] via P2P/IPC
ip-10-0-10-203:91561:91730 [5] NCCL INFO Channel 25 : 13[a8000] -> 14[b9000] via P2P/IPC
ip-10-0-0-159:95727:95907 [1] NCCL INFO Channel 00 : 1[64000] -> 2[75000] via P2P/IPC
ip-10-0-5-230:91991:92237 [6] NCCL INFO Channel 00 : 30[b9000] -> 31[ca000] via P2P/IPC
ip-10-0-14-198:91567:91742 [6] NCCL INFO Channel 05 : 22[b9000] -> 23[ca000] via P2P/IPC
ip-10-0-10-203:91562:91727 [6] NCCL INFO Channel 30 : 14[b9000] -> 15[ca000] via P2P/IPC
ip-10-0-5-230:91986:92239 [1] NCCL INFO Channel 05 : 25[64000] -> 26[75000] via P2P/IPC
ip-10-0-14-198:91564:91741 [3] NCCL INFO Channel 00 : 19[86000] -> 20[97000] via P2P/IPC
ip-10-0-14-198:91563:91740 [2] NCCL INFO Channel 05 : 18[75000] -> 19[86000] via P2P/IPC
ip-10-0-5-230:91988:92234 [3] NCCL INFO Channel 10 : 27[86000] -> 28[97000] via P2P/IPC
ip-10-0-14-198:91562:91743 [1] NCCL INFO Channel 10 : 17[64000] -> 18[75000] via P2P/IPC
ip-10-0-5-230:91991:92237 [6] NCCL INFO Channel 05 : 30[b9000] -> 31[ca000] via P2P/IPC
ip-10-0-10-203:91558:91729 [2] NCCL INFO Channel 25 : 10[75000] -> 11[86000] via P2P/IPC
ip-10-0-10-203:91559:91728 [3] NCCL INFO Channel 20 : 11[86000] -> 12[97000] via P2P/IPC
ip-10-0-14-198:91567:91742 [6] NCCL INFO Channel 10 : 22[b9000] -> 23[ca000] via P2P/IPC
ip-10-0-5-230:91986:92239 [1] NCCL INFO Channel 10 : 25[64000] -> 26[75000] via P2P/IPC
ip-10-0-10-203:91560:91733 [4] NCCL INFO Channel 25 : 12[97000] -> 13[a8000] via P2P/IPC
ip-10-0-14-198:91566:91744 [5] NCCL INFO Channel 10 : 21[a8000] -> 22[b9000] via P2P/IPC
ip-10-0-10-203:91557:91731 [1] NCCL INFO Channel 20 : 9[64000] -> 10[75000] via P2P/IPC
ip-10-0-0-159:95732:95910 [6] NCCL INFO Channel 00 : 6[b9000] -> 7[ca000] via P2P/IPC
ip-10-0-5-230:91988:92234 [3] NCCL INFO Channel 15 : 27[86000] -> 28[97000] via P2P/IPC
ip-10-0-10-203:91561:91730 [5] NCCL INFO Channel 30 : 13[a8000] -> 14[b9000] via P2P/IPC
ip-10-0-5-230:91991:92237 [6] NCCL INFO Channel 10 : 30[b9000] -> 31[ca000] via P2P/IPC
ip-10-0-14-198:91564:91741 [3] NCCL INFO Channel 05 : 19[86000] -> 20[97000] via P2P/IPC
ip-10-0-14-198:91563:91740 [2] NCCL INFO Channel 10 : 18[75000] -> 19[86000] via P2P/IPC
ip-10-0-0-159:95731:95908 [5] NCCL INFO Channel 05 : 5[a8000] -> 6[b9000] via P2P/IPC
ip-10-0-14-198:91562:91743 [1] NCCL INFO Channel 15 : 17[64000] -> 18[75000] via P2P/IPC
ip-10-0-0-159:95730:95911 [4] NCCL INFO Channel 00 : 4[97000] -> 5[a8000] via P2P/IPC
ip-10-0-5-230:91986:92239 [1] NCCL INFO Channel 15 : 25[64000] -> 26[75000] via P2P/IPC
ip-10-0-5-230:91988:92234 [3] NCCL INFO Channel 20 : 27[86000] -> 28[97000] via P2P/IPC
ip-10-0-0-159:95727:95907 [1] NCCL INFO Channel 05 : 1[64000] -> 2[75000] via P2P/IPC
ip-10-0-5-230:91991:92237 [6] NCCL INFO Channel 15 : 30[b9000] -> 31[ca000] via P2P/IPC
ip-10-0-10-203:91558:91729 [2] NCCL INFO Channel 30 : 10[75000] -> 11[86000] via P2P/IPC
ip-10-0-10-203:91559:91728 [3] NCCL INFO Channel 25 : 11[86000] -> 12[97000] via P2P/IPC
ip-10-0-5-230:91986:92239 [1] NCCL INFO Channel 20 : 25[64000] -> 26[75000] via P2P/IPC
ip-10-0-14-198:91566:91744 [5] NCCL INFO Channel 15 : 21[a8000] -> 22[b9000] via P2P/IPC
ip-10-0-0-159:95728:95905 [2] NCCL INFO Channel 00 : 2[75000] -> 3[86000] via P2P/IPC
ip-10-0-10-203:91560:91733 [4] NCCL INFO Channel 30 : 12[97000] -> 13[a8000] via P2P/IPC
ip-10-0-5-230:91988:92234 [3] NCCL INFO Channel 25 : 27[86000] -> 28[97000] via P2P/IPC
ip-10-0-14-198:91567:91742 [6] NCCL INFO Channel 15 : 22[b9000] -> 23[ca000] via P2P/IPC
ip-10-0-10-203:91557:91731 [1] NCCL INFO Channel 25 : 9[64000] -> 10[75000] via P2P/IPC
ip-10-0-0-159:95732:95910 [6] NCCL INFO Channel 05 : 6[b9000] -> 7[ca000] via P2P/IPC
ip-10-0-5-230:91991:92237 [6] NCCL INFO Channel 20 : 30[b9000] -> 31[ca000] via P2P/IPC
ip-10-0-14-198:91564:91741 [3] NCCL INFO Channel 10 : 19[86000] -> 20[97000] via P2P/IPC
ip-10-0-5-230:91986:92239 [1] NCCL INFO Channel 25 : 25[64000] -> 26[75000] via P2P/IPC
ip-10-0-14-198:91562:91743 [1] NCCL INFO Channel 20 : 17[64000] -> 18[75000] via P2P/IPC
ip-10-0-5-230:91988:92234 [3] NCCL INFO Channel 30 : 27[86000] -> 28[97000] via P2P/IPC
ip-10-0-14-198:91563:91740 [2] NCCL INFO Channel 15 : 18[75000] -> 19[86000] via P2P/IPC
ip-10-0-10-203:91559:91728 [3] NCCL INFO Channel 30 : 11[86000] -> 12[97000] via P2P/IPC
ip-10-0-10-203:91557:91731 [1] NCCL INFO Channel 30 : 9[64000] -> 10[75000] via P2P/IPC
ip-10-0-0-159:95731:95908 [5] NCCL INFO Channel 10 : 5[a8000] -> 6[b9000] via P2P/IPC
ip-10-0-0-159:95730:95911 [4] NCCL INFO Channel 05 : 4[97000] -> 5[a8000] via P2P/IPC
ip-10-0-14-198:91567:91742 [6] NCCL INFO Channel 20 : 22[b9000] -> 23[ca000] via P2P/IPC
ip-10-0-5-230:91991:92237 [6] NCCL INFO Channel 25 : 30[b9000] -> 31[ca000] via P2P/IPC
ip-10-0-14-198:91566:91744 [5] NCCL INFO Channel 20 : 21[a8000] -> 22[b9000] via P2P/IPC
ip-10-0-0-159:95727:95907 [1] NCCL INFO Channel 10 : 1[64000] -> 2[75000] via P2P/IPC
ip-10-0-5-230:91986:92239 [1] NCCL INFO Channel 30 : 25[64000] -> 26[75000] via P2P/IPC
ip-10-0-0-159:95729:95906 [3] NCCL INFO Channel 00 : 3[86000] -> 4[97000] via P2P/IPC
ip-10-0-0-159:95728:95905 [2] NCCL INFO Channel 05 : 2[75000] -> 3[86000] via P2P/IPC
ip-10-0-0-159:95732:95910 [6] NCCL INFO Channel 10 : 6[b9000] -> 7[ca000] via P2P/IPC
ip-10-0-14-198:91564:91741 [3] NCCL INFO Channel 15 : 19[86000] -> 20[97000] via P2P/IPC
ip-10-0-5-230:91991:92237 [6] NCCL INFO Channel 30 : 30[b9000] -> 31[ca000] via P2P/IPC
ip-10-0-14-198:91562:91743 [1] NCCL INFO Channel 25 : 17[64000] -> 18[75000] via P2P/IPC
ip-10-0-14-198:91563:91740 [2] NCCL INFO Channel 20 : 18[75000] -> 19[86000] via P2P/IPC
ip-10-0-0-159:95731:95908 [5] NCCL INFO Channel 15 : 5[a8000] -> 6[b9000] via P2P/IPC
ip-10-0-14-198:91567:91742 [6] NCCL INFO Channel 25 : 22[b9000] -> 23[ca000] via P2P/IPC
ip-10-0-14-198:91566:91744 [5] NCCL INFO Channel 25 : 21[a8000] -> 22[b9000] via P2P/IPC
ip-10-0-0-159:95730:95911 [4] NCCL INFO Channel 10 : 4[97000] -> 5[a8000] via P2P/IPC
ip-10-0-14-198:91564:91741 [3] NCCL INFO Channel 20 : 19[86000] -> 20[97000] via P2P/IPC
ip-10-0-14-198:91562:91743 [1] NCCL INFO Channel 30 : 17[64000] -> 18[75000] via P2P/IPC
ip-10-0-0-159:95727:95907 [1] NCCL INFO Channel 15 : 1[64000] -> 2[75000] via P2P/IPC
ip-10-0-14-198:91563:91740 [2] NCCL INFO Channel 25 : 18[75000] -> 19[86000] via P2P/IPC
ip-10-0-0-159:95729:95906 [3] NCCL INFO Channel 05 : 3[86000] -> 4[97000] via P2P/IPC
ip-10-0-0-159:95728:95905 [2] NCCL INFO Channel 10 : 2[75000] -> 3[86000] via P2P/IPC
ip-10-0-14-198:91561:91737 [0] NCCL INFO Channel 00/0 : 15[ca000] -> 16[53000] [receive] via NET/AWS Libfabric/0/GDRDMA
ip-10-0-0-159:95732:95910 [6] NCCL INFO Channel 15 : 6[b9000] -> 7[ca000] via P2P/IPC
ip-10-0-14-198:91567:91742 [6] NCCL INFO Channel 30 : 22[b9000] -> 23[ca000] via P2P/IPC
ip-10-0-14-198:91566:91744 [5] NCCL INFO Channel 30 : 21[a8000] -> 22[b9000] via P2P/IPC
ip-10-0-14-198:91564:91741 [3] NCCL INFO Channel 25 : 19[86000] -> 20[97000] via P2P/IPC
ip-10-0-0-159:95731:95908 [5] NCCL INFO Channel 20 : 5[a8000] -> 6[b9000] via P2P/IPC
ip-10-0-0-159:95730:95911 [4] NCCL INFO Channel 15 : 4[97000] -> 5[a8000] via P2P/IPC
ip-10-0-14-198:91563:91740 [2] NCCL INFO Channel 30 : 18[75000] -> 19[86000] via P2P/IPC
ip-10-0-0-159:95727:95907 [1] NCCL INFO Channel 20 : 1[64000] -> 2[75000] via P2P/IPC
ip-10-0-0-159:95729:95906 [3] NCCL INFO Channel 10 : 3[86000] -> 4[97000] via P2P/IPC
ip-10-0-0-159:95728:95905 [2] NCCL INFO Channel 15 : 2[75000] -> 3[86000] via P2P/IPC
ip-10-0-0-159:95732:95910 [6] NCCL INFO Channel 20 : 6[b9000] -> 7[ca000] via P2P/IPC
ip-10-0-10-203:91556:91726 [0] NCCL INFO Channel 00/0 : 7[ca000] -> 8[53000] [receive] via NET/AWS Libfabric/0/GDRDMA
ip-10-0-10-203:91563:91732 [7] NCCL INFO Channel 00/0 : 15[ca000] -> 16[53000] [send] via NET/AWS Libfabric/0(8)/GDRDMA
ip-10-0-14-198:91564:91741 [3] NCCL INFO Channel 30 : 19[86000] -> 20[97000] via P2P/IPC
ip-10-0-0-159:95731:95908 [5] NCCL INFO Channel 25 : 5[a8000] -> 6[b9000] via P2P/IPC
ip-10-0-0-159:95730:95911 [4] NCCL INFO Channel 20 : 4[97000] -> 5[a8000] via P2P/IPC
ip-10-0-14-198:91565:91739 [4] NCCL INFO Channel 00 : 20[97000] -> 21[a8000] via P2P/IPC
ip-10-0-0-159:95727:95907 [1] NCCL INFO Channel 25 : 1[64000] -> 2[75000] via P2P/IPC
ip-10-0-0-159:95732:95910 [6] NCCL INFO Channel 25 : 6[b9000] -> 7[ca000] via P2P/IPC
ip-10-0-0-159:95726:95896 [0] NCCL INFO Channel 00/0 : 31[ca000] -> 0[53000] [receive] via NET/AWS Libfabric/0/GDRDMA
ip-10-0-0-159:95728:95905 [2] NCCL INFO Channel 20 : 2[75000] -> 3[86000] via P2P/IPC
ip-10-0-0-159:95729:95906 [3] NCCL INFO Channel 15 : 3[86000] -> 4[97000] via P2P/IPC
ip-10-0-0-159:95733:95909 [7] NCCL INFO Channel 00/0 : 7[ca000] -> 8[53000] [send] via NET/AWS Libfabric/0(0)/GDRDMA
ip-10-0-0-159:95731:95908 [5] NCCL INFO Channel 30 : 5[a8000] -> 6[b9000] via P2P/IPC
ip-10-0-0-159:95730:95911 [4] NCCL INFO Channel 25 : 4[97000] -> 5[a8000] via P2P/IPC
ip-10-0-0-159:95727:95907 [1] NCCL INFO Channel 30 : 1[64000] -> 2[75000] via P2P/IPC
ip-10-0-0-159:95732:95910 [6] NCCL INFO Channel 30 : 6[b9000] -> 7[ca000] via P2P/IPC
ip-10-0-0-159:95728:95905 [2] NCCL INFO Channel 25 : 2[75000] -> 3[86000] via P2P/IPC
ip-10-0-0-159:95729:95906 [3] NCCL INFO Channel 20 : 3[86000] -> 4[97000] via P2P/IPC
ip-10-0-5-230:91985:92233 [0] NCCL INFO Channel 00/0 : 23[ca000] -> 24[53000] [receive] via NET/AWS Libfabric/0/GDRDMA
ip-10-0-0-159:95730:95911 [4] NCCL INFO Channel 30 : 4[97000] -> 5[a8000] via P2P/IPC
ip-10-0-5-230:91992:92240 [7] NCCL INFO Channel 00/0 : 31[ca000] -> 0[53000] [send] via NET/AWS Libfabric/0(24)/GDRDMA
ip-10-0-0-159:95729:95906 [3] NCCL INFO Channel 25 : 3[86000] -> 4[97000] via P2P/IPC
ip-10-0-0-159:95728:95905 [2] NCCL INFO Channel 30 : 2[75000] -> 3[86000] via P2P/IPC
ip-10-0-14-198:91565:91739 [4] NCCL INFO Channel 05 : 20[97000] -> 21[a8000] via P2P/IPC
ip-10-0-0-159:95729:95906 [3] NCCL INFO Channel 30 : 3[86000] -> 4[97000] via P2P/IPC
ip-10-0-14-198:91565:91739 [4] NCCL INFO Channel 10 : 20[97000] -> 21[a8000] via P2P/IPC
ip-10-0-14-198:91565:91739 [4] NCCL INFO Channel 15 : 20[97000] -> 21[a8000] via P2P/IPC
ip-10-0-14-198:91568:91745 [7] NCCL INFO Channel 00/0 : 23[ca000] -> 24[53000] [send] via NET/AWS Libfabric/0(16)/GDRDMA
ip-10-0-14-198:91565:91739 [4] NCCL INFO Channel 20 : 20[97000] -> 21[a8000] via P2P/IPC
ip-10-0-14-198:91565:91739 [4] NCCL INFO Channel 25 : 20[97000] -> 21[a8000] via P2P/IPC
ip-10-0-14-198:91565:91739 [4] NCCL INFO Channel 30 : 20[97000] -> 21[a8000] via P2P/IPC
ip-10-0-14-198:91561:91737 [0] NCCL INFO Channel 05/0 : 15[ca000] -> 16[53000] [receive] via NET/AWS Libfabric/0/GDRDMA
ip-10-0-5-230:91992:92240 [7] NCCL INFO Channel 05/0 : 31[ca000] -> 0[53000] [send] via NET/AWS Libfabric/0(24)/GDRDMA
ip-10-0-10-203:91556:91726 [0] NCCL INFO Channel 05/0 : 7[ca000] -> 8[53000] [receive] via NET/AWS Libfabric/0/GDRDMA
ip-10-0-10-203:91563:91732 [7] NCCL INFO Channel 05/0 : 15[ca000] -> 16[53000] [send] via NET/AWS Libfabric/0(8)/GDRDMA
ip-10-0-0-159:95726:95896 [0] NCCL INFO Channel 05/0 : 31[ca000] -> 0[53000] [receive] via NET/AWS Libfabric/0/GDRDMA
ip-10-0-0-159:95733:95909 [7] NCCL INFO Channel 05/0 : 7[ca000] -> 8[53000] [send] via NET/AWS Libfabric/0(0)/GDRDMA
ip-10-0-5-230:91985:92233 [0] NCCL INFO Channel 05/0 : 23[ca000] -> 24[53000] [receive] via NET/AWS Libfabric/0/GDRDMA
ip-10-0-14-198:91568:91745 [7] NCCL INFO Channel 05/0 : 23[ca000] -> 24[53000] [send] via NET/AWS Libfabric/0(16)/GDRDMA
ip-10-0-10-203:91561:91730 [5] NCCL INFO Channel 04/0 : 13[a8000] -> 20[97000] [send] via NET/AWS Libfabric/4(12)/GDRDMA
ip-10-0-5-230:91990:92236 [5] NCCL INFO Channel 04/0 : 29[a8000] -> 4[97000] [send] via NET/AWS Libfabric/4(28)/GDRDMA
ip-10-0-0-159:95731:95908 [5] NCCL INFO Channel 04/0 : 5[a8000] -> 12[97000] [send] via NET/AWS Libfabric/4(4)/GDRDMA
ip-10-0-14-198:91561:91737 [0] NCCL INFO Channel 10/0 : 15[ca000] -> 16[53000] [receive] via NET/AWS Libfabric/0/GDRDMA
ip-10-0-5-230:91992:92240 [7] NCCL INFO Channel 10/0 : 31[ca000] -> 0[53000] [send] via NET/AWS Libfabric/0(24)/GDRDMA
ip-10-0-10-203:91563:91732 [7] NCCL INFO Channel 10/0 : 15[ca000] -> 16[53000] [send] via NET/AWS Libfabric/0(8)/GDRDMA
ip-10-0-10-203:91556:91726 [0] NCCL INFO Channel 10/0 : 7[ca000] -> 8[53000] [receive] via NET/AWS Libfabric/0/GDRDMA
ip-10-0-0-159:95733:95909 [7] NCCL INFO Channel 10/0 : 7[ca000] -> 8[53000] [send] via NET/AWS Libfabric/0(0)/GDRDMA
ip-10-0-0-159:95726:95896 [0] NCCL INFO Channel 10/0 : 31[ca000] -> 0[53000] [receive] via NET/AWS Libfabric/0/GDRDMA
ip-10-0-5-230:91988:92234 [3] NCCL INFO Channel 03/0 : 20[97000] -> 27[86000] [receive] via NET/AWS Libfabric/3/GDRDMA
ip-10-0-14-198:91563:91740 [2] NCCL INFO Channel 02/0 : 11[86000] -> 18[75000] [receive] via NET/AWS Libfabric/2/GDRDMA
ip-10-0-5-230:91985:92233 [0] NCCL INFO Channel 10/0 : 23[ca000] -> 24[53000] [receive] via NET/AWS Libfabric/0/GDRDMA
ip-10-0-5-230:91987:92238 [2] NCCL INFO Channel 02/0 : 19[86000] -> 26[75000] [receive] via NET/AWS Libfabric/2/GDRDMA
ip-10-0-10-203:91559:91728 [3] NCCL INFO Channel 03/0 : 4[97000] -> 11[86000] [receive] via NET/AWS Libfabric/3/GDRDMA
ip-10-0-5-230:91989:92235 [4] NCCL INFO Channel 04/0 : 21[a8000] -> 28[97000] [receive] via NET/AWS Libfabric/4/GDRDMA
ip-10-0-10-203:91558:91729 [2] NCCL INFO Channel 02/0 : 3[86000] -> 10[75000] [receive] via NET/AWS Libfabric/2/GDRDMA
ip-10-0-10-203:91560:91733 [4] NCCL INFO Channel 04/0 : 5[a8000] -> 12[97000] [receive] via NET/AWS Libfabric/4/GDRDMA
ip-10-0-0-159:95729:95906 [3] NCCL INFO Channel 03/0 : 28[97000] -> 3[86000] [receive] via NET/AWS Libfabric/3/GDRDMA
ip-10-0-14-198:91565:91739 [4] NCCL INFO Channel 04/0 : 13[a8000] -> 20[97000] [receive] via NET/AWS Libfabric/4/GDRDMA
ip-10-0-14-198:91566:91744 [5] NCCL INFO Channel 04/0 : 21[a8000] -> 28[97000] [send] via NET/AWS Libfabric/4(20)/GDRDMA
ip-10-0-14-198:91564:91741 [3] NCCL INFO Channel 03/0 : 12[97000] -> 19[86000] [receive] via NET/AWS Libfabric/3/GDRDMA
ip-10-0-14-198:91568:91745 [7] NCCL INFO Channel 10/0 : 23[ca000] -> 24[53000] [send] via NET/AWS Libfabric/0(16)/GDRDMA
ip-10-0-0-159:95730:95911 [4] NCCL INFO Channel 04/0 : 29[a8000] -> 4[97000] [receive] via NET/AWS Libfabric/4/GDRDMA
ip-10-0-0-159:95728:95905 [2] NCCL INFO Channel 02/0 : 27[86000] -> 2[75000] [receive] via NET/AWS Libfabric/2/GDRDMA
ip-10-0-10-203:91561:91730 [5] NCCL INFO Channel 09/0 : 13[a8000] -> 20[97000] [send] via NET/AWS Libfabric/4(12)/GDRDMA
ip-10-0-0-159:95731:95908 [5] NCCL INFO Channel 09/0 : 5[a8000] -> 12[97000] [send] via NET/AWS Libfabric/4(4)/GDRDMA
ip-10-0-14-198:91561:91737 [0] NCCL INFO Channel 15/0 : 15[ca000] -> 16[53000] [receive] via NET/AWS Libfabric/0/GDRDMA
ip-10-0-5-230:91992:92240 [7] NCCL INFO Channel 15/0 : 31[ca000] -> 0[53000] [send] via NET/AWS Libfabric/0(24)/GDRDMA
ip-10-0-5-230:91988:92234 [3] NCCL INFO Channel 08/0 : 20[97000] -> 27[86000] [receive] via NET/AWS Libfabric/3/GDRDMA
ip-10-0-10-203:91563:91732 [7] NCCL INFO Channel 15/0 : 15[ca000] -> 16[53000] [send] via NET/AWS Libfabric/0(8)/GDRDMA
ip-10-0-10-203:91556:91726 [0] NCCL INFO Channel 15/0 : 7[ca000] -> 8[53000] [receive] via NET/AWS Libfabric/0/GDRDMA
ip-10-0-14-198:91563:91740 [2] NCCL INFO Channel 07/0 : 11[86000] -> 18[75000] [receive] via NET/AWS Libfabric/2/GDRDMA
ip-10-0-0-159:95726:95896 [0] NCCL INFO Channel 15/0 : 31[ca000] -> 0[53000] [receive] via NET/AWS Libfabric/0/GDRDMA
ip-10-0-0-159:95733:95909 [7] NCCL INFO Channel 15/0 : 7[ca000] -> 8[53000] [send] via NET/AWS Libfabric/0(0)/GDRDMA
ip-10-0-5-230:91990:92236 [5] NCCL INFO Channel 09/0 : 29[a8000] -> 4[97000] [send] via NET/AWS Libfabric/4(28)/GDRDMA
ip-10-0-5-230:91985:92233 [0] NCCL INFO Channel 15/0 : 23[ca000] -> 24[53000] [receive] via NET/AWS Libfabric/0/GDRDMA
ip-10-0-10-203:91558:91729 [2] NCCL INFO Channel 07/0 : 3[86000] -> 10[75000] [receive] via NET/AWS Libfabric/2/GDRDMA
ip-10-0-10-203:91559:91728 [3] NCCL INFO Channel 08/0 : 4[97000] -> 11[86000] [receive] via NET/AWS Libfabric/3/GDRDMA
ip-10-0-5-230:91989:92235 [4] NCCL INFO Channel 09/0 : 21[a8000] -> 28[97000] [receive] via NET/AWS Libfabric/4/GDRDMA
ip-10-0-5-230:91987:92238 [2] NCCL INFO Channel 07/0 : 19[86000] -> 26[75000] [receive] via NET/AWS Libfabric/2/GDRDMA
ip-10-0-10-203:91560:91733 [4] NCCL INFO Channel 09/0 : 5[a8000] -> 12[97000] [receive] via NET/AWS Libfabric/4/GDRDMA
ip-10-0-14-198:91565:91739 [4] NCCL INFO Channel 09/0 : 13[a8000] -> 20[97000] [receive] via NET/AWS Libfabric/4/GDRDMA
ip-10-0-14-198:91566:91744 [5] NCCL INFO Channel 09/0 : 21[a8000] -> 28[97000] [send] via NET/AWS Libfabric/4(20)/GDRDMA
ip-10-0-14-198:91564:91741 [3] NCCL INFO Channel 08/0 : 12[97000] -> 19[86000] [receive] via NET/AWS Libfabric/3/GDRDMA
ip-10-0-0-159:95729:95906 [3] NCCL INFO Channel 08/0 : 28[97000] -> 3[86000] [receive] via NET/AWS Libfabric/3/GDRDMA
ip-10-0-0-159:95730:95911 [4] NCCL INFO Channel 09/0 : 29[a8000] -> 4[97000] [receive] via NET/AWS Libfabric/4/GDRDMA
ip-10-0-14-198:91568:91745 [7] NCCL INFO Channel 15/0 : 23[ca000] -> 24[53000] [send] via NET/AWS Libfabric/0(16)/GDRDMA
ip-10-0-0-159:95728:95905 [2] NCCL INFO Channel 07/0 : 27[86000] -> 2[75000] [receive] via NET/AWS Libfabric/2/GDRDMA
